Flow report for black_jack
Thu Dec 11 13:29:42 2025
Quartus Prime Version 23.1std.1 Build 993 05/14/2024 SC Lite Edition


---------------------
; Table of Contents ;
---------------------
  1. Legal Notice
  2. Flow Summary
  3. Flow Settings
  4. Flow Non-Default Global Settings
  5. Flow Elapsed Time
  6. Flow OS Summary
  7. Flow Log
  8. Flow Messages
  9. Flow Suppressed Messages



----------------
; Legal Notice ;
----------------
Copyright (C) 2024  Intel Corporation. All rights reserved.
Your use of Intel Corporation's design tools, logic functions 
and other software and tools, and any partner logic 
functions, and any output files from any of the foregoing 
(including device programming or simulation files), and any 
associated documentation or information are expressly subject 
to the terms and conditions of the Intel Program License 
Subscription Agreement, the Intel Quartus Prime License Agreement,
the Intel FPGA IP License Agreement, or other applicable license
agreement, including, without limitation, that your use is for
the sole purpose of programming logic devices manufactured by
Intel and sold by Intel or its authorized distributors.  Please
refer to the applicable agreement for further details, at
https://fpgasoftware.intel.com/eula.



+----------------------------------------------------------------------------------+
; Flow Summary                                                                     ;
+---------------------------------+------------------------------------------------+
; Flow Status                     ; Successful - Thu Dec 11 13:29:42 2025          ;
; Quartus Prime Version           ; 23.1std.1 Build 993 05/14/2024 SC Lite Edition ;
; Revision Name                   ; black_jack                                     ;
; Top-level Entity Name           ; black_jack                                     ;
; Family                          ; Cyclone V                                      ;
; Device                          ; 5CSEMA5F31C6                                   ;
; Timing Models                   ; Final                                          ;
; Logic utilization (in ALMs)     ; 985 / 32,070 ( 3 % )                           ;
; Total registers                 ; 1168                                           ;
; Total pins                      ; 96 / 457 ( 21 % )                              ;
; Total virtual pins              ; 0                                              ;
; Total block memory bits         ; 2,765,424 / 4,065,280 ( 68 % )                 ;
; Total DSP Blocks                ; 1 / 87 ( 1 % )                                 ;
; Total HSSI RX PCSs              ; 0                                              ;
; Total HSSI PMA RX Deserializers ; 0                                              ;
; Total HSSI TX PCSs              ; 0                                              ;
; Total HSSI PMA TX Serializers   ; 0                                              ;
; Total PLLs                      ; 0 / 6 ( 0 % )                                  ;
; Total DLLs                      ; 0 / 4 ( 0 % )                                  ;
+---------------------------------+------------------------------------------------+


+-----------------------------------------+
; Flow Settings                           ;
+-------------------+---------------------+
; Option            ; Setting             ;
+-------------------+---------------------+
; Start date & time ; 12/11/2025 13:26:41 ;
; Main task         ; Compilation         ;
; Revision Name     ; black_jack          ;
+-------------------+---------------------+


+------------------------------------------------------------------------------------------------------------------------------------------------------------+
; Flow Non-Default Global Settings                                                                                                                           ;
+-------------------------------------+---------------------------------------------------------------------+---------------+-------------+------------------+
; Assignment Name                     ; Value                                                               ; Default Value ; Entity Name ; Section Id       ;
+-------------------------------------+---------------------------------------------------------------------+---------------+-------------+------------------+
; COMPILER_SIGNATURE_ID               ; 184978422678550.176547760027536                                     ; --            ; --          ; --               ;
; EDA_OUTPUT_DATA_FORMAT              ; Verilog Hdl                                                         ; --            ; --          ; eda_simulation   ;
; EDA_SIMULATION_TOOL                 ; Questa Intel FPGA (Verilog)                                         ; <None>        ; --          ; --               ;
; EDA_TIME_SCALE                      ; 1 ps                                                                ; --            ; --          ; eda_simulation   ;
; ENABLE_SIGNALTAP                    ; On                                                                  ; --            ; --          ; --               ;
; MAX_CORE_JUNCTION_TEMP              ; 85                                                                  ; --            ; --          ; --               ;
; MIN_CORE_JUNCTION_TEMP              ; 0                                                                   ; --            ; --          ; --               ;
; MISC_FILE                           ; vga_frame_inst.v                                                    ; --            ; --          ; --               ;
; MISC_FILE                           ; vga_frame_bb.v                                                      ; --            ; --          ; --               ;
; MISC_FILE                           ; playing_card_inst.v                                                 ; --            ; --          ; --               ;
; MISC_FILE                           ; playing_card_bb.v                                                   ; --            ; --          ; --               ;
; MISC_FILE                           ; dealer_chip_asset_inst.v                                            ; --            ; --          ; --               ;
; MISC_FILE                           ; dealer_chip_asset_bb.v                                              ; --            ; --          ; --               ;
; MISC_FILE                           ; player_chip_asset_inst.v                                            ; --            ; --          ; --               ;
; MISC_FILE                           ; player_chip_asset_bb.v                                              ; --            ; --          ; --               ;
; MISC_FILE                           ; suit_library_inst.v                                                 ; --            ; --          ; --               ;
; MISC_FILE                           ; suit_library_bb.v                                                   ; --            ; --          ; --               ;
; MISC_FILE                           ; rank_library_inst.v                                                 ; --            ; --          ; --               ;
; MISC_FILE                           ; rank_library_bb.v                                                   ; --            ; --          ; --               ;
; MISC_FILE                           ; replace_background_inst.v                                           ; --            ; --          ; --               ;
; MISC_FILE                           ; replace_background_bb.v                                             ; --            ; --          ; --               ;
; MISC_FILE                           ; deck_inst.v                                                         ; --            ; --          ; --               ;
; MISC_FILE                           ; deck_bb.v                                                           ; --            ; --          ; --               ;
; NOMINAL_CORE_SUPPLY_VOLTAGE         ; -- (Not supported for targeted family)                              ; --            ; --          ; --               ;
; NUM_PARALLEL_PROCESSORS             ; All                                                                 ; --            ; --          ; --               ;
; PARTITION_COLOR                     ; -- (Not supported for targeted family)                              ; --            ; --          ; Top              ;
; PARTITION_FITTER_PRESERVATION_LEVEL ; -- (Not supported for targeted family)                              ; --            ; --          ; Top              ;
; PARTITION_NETLIST_TYPE              ; -- (Not supported for targeted family)                              ; --            ; --          ; Top              ;
; POWER_BOARD_THERMAL_MODEL           ; None (CONSERVATIVE)                                                 ; --            ; --          ; --               ;
; POWER_PRESET_COOLING_SOLUTION       ; 23 MM HEAT SINK WITH 200 LFPM AIRFLOW                               ; --            ; --          ; --               ;
; PROJECT_OUTPUT_DIRECTORY            ; output_files                                                        ; --            ; --          ; --               ;
; SLD_FILE                            ; db/stp1_auto_stripped.stp                                           ; --            ; --          ; --               ;
; SLD_NODE_CREATOR_ID                 ; 110                                                                 ; --            ; --          ; auto_signaltap_0 ;
; SLD_NODE_ENTITY_NAME                ; sld_signaltap                                                       ; --            ; --          ; auto_signaltap_0 ;
; SLD_NODE_PARAMETER_ASSIGNMENT       ; SLD_RAM_BLOCK_TYPE=AUTO                                             ; --            ; --          ; auto_signaltap_0 ;
; SLD_NODE_PARAMETER_ASSIGNMENT       ; SLD_NODE_INFO=805334528                                             ; --            ; --          ; auto_signaltap_0 ;
; SLD_NODE_PARAMETER_ASSIGNMENT       ; SLD_POWER_UP_TRIGGER=0                                              ; --            ; --          ; auto_signaltap_0 ;
; SLD_NODE_PARAMETER_ASSIGNMENT       ; SLD_STORAGE_QUALIFIER_INVERSION_MASK_LENGTH=0                       ; --            ; --          ; auto_signaltap_0 ;
; SLD_NODE_PARAMETER_ASSIGNMENT       ; SLD_ATTRIBUTE_MEM_MODE=OFF                                          ; --            ; --          ; auto_signaltap_0 ;
; SLD_NODE_PARAMETER_ASSIGNMENT       ; SLD_STATE_FLOW_USE_GENERATED=0                                      ; --            ; --          ; auto_signaltap_0 ;
; SLD_NODE_PARAMETER_ASSIGNMENT       ; SLD_STATE_BITS=11                                                   ; --            ; --          ; auto_signaltap_0 ;
; SLD_NODE_PARAMETER_ASSIGNMENT       ; SLD_BUFFER_FULL_STOP=1                                              ; --            ; --          ; auto_signaltap_0 ;
; SLD_NODE_PARAMETER_ASSIGNMENT       ; SLD_CURRENT_RESOURCE_WIDTH=1                                        ; --            ; --          ; auto_signaltap_0 ;
; SLD_NODE_PARAMETER_ASSIGNMENT       ; SLD_INCREMENTAL_ROUTING=1                                           ; --            ; --          ; auto_signaltap_0 ;
; SLD_NODE_PARAMETER_ASSIGNMENT       ; SLD_TRIGGER_LEVEL=1                                                 ; --            ; --          ; auto_signaltap_0 ;
; SLD_NODE_PARAMETER_ASSIGNMENT       ; SLD_TRIGGER_IN_ENABLED=0                                            ; --            ; --          ; auto_signaltap_0 ;
; SLD_NODE_PARAMETER_ASSIGNMENT       ; SLD_TRIGGER_PIPELINE=0                                              ; --            ; --          ; auto_signaltap_0 ;
; SLD_NODE_PARAMETER_ASSIGNMENT       ; SLD_RAM_PIPELINE=0                                                  ; --            ; --          ; auto_signaltap_0 ;
; SLD_NODE_PARAMETER_ASSIGNMENT       ; SLD_COUNTER_PIPELINE=0                                              ; --            ; --          ; auto_signaltap_0 ;
; SLD_NODE_PARAMETER_ASSIGNMENT       ; SLD_ADVANCED_TRIGGER_ENTITY=basic,1,                                ; --            ; --          ; auto_signaltap_0 ;
; SLD_NODE_PARAMETER_ASSIGNMENT       ; SLD_TRIGGER_LEVEL_PIPELINE=1                                        ; --            ; --          ; auto_signaltap_0 ;
; SLD_NODE_PARAMETER_ASSIGNMENT       ; SLD_ENABLE_ADVANCED_TRIGGER=0                                       ; --            ; --          ; auto_signaltap_0 ;
; SLD_NODE_PARAMETER_ASSIGNMENT       ; SLD_TRIGGER_BITS=7                                                  ; --            ; --          ; auto_signaltap_0 ;
; SLD_NODE_PARAMETER_ASSIGNMENT       ; SLD_INVERSION_MASK=000000000000000000000000000000000000000000000000 ; --            ; --          ; auto_signaltap_0 ;
; SLD_NODE_PARAMETER_ASSIGNMENT       ; SLD_INVERSION_MASK_LENGTH=48                                        ; --            ; --          ; auto_signaltap_0 ;
; SLD_NODE_PARAMETER_ASSIGNMENT       ; SLD_SEGMENT_SIZE=8192                                               ; --            ; --          ; auto_signaltap_0 ;
; SLD_NODE_PARAMETER_ASSIGNMENT       ; SLD_SAMPLE_DEPTH=8192                                               ; --            ; --          ; auto_signaltap_0 ;
; SLD_NODE_PARAMETER_ASSIGNMENT       ; SLD_DATA_BITS=45                                                    ; --            ; --          ; auto_signaltap_0 ;
; SLD_NODE_PARAMETER_ASSIGNMENT       ; SLD_STORAGE_QUALIFIER_BITS=75                                       ; --            ; --          ; auto_signaltap_0 ;
; USE_SIGNALTAP_FILE                  ; output_files/stp1.stp                                               ; --            ; --          ; --               ;
+-------------------------------------+---------------------------------------------------------------------+---------------+-------------+------------------+


+--------------------------------------------------------------------------------------------------------------------------+
; Flow Elapsed Time                                                                                                        ;
+----------------------+--------------+-------------------------+---------------------+------------------------------------+
; Module Name          ; Elapsed Time ; Average Processors Used ; Peak Virtual Memory ; Total CPU Time (on all processors) ;
+----------------------+--------------+-------------------------+---------------------+------------------------------------+
; Analysis & Synthesis ; 00:00:31     ; 1.0                     ; 5069 MB             ; 00:00:15                           ;
; Fitter               ; 00:01:40     ; 1.1                     ; 7961 MB             ; 00:01:31                           ;
; Assembler            ; 00:00:06     ; 1.0                     ; 4909 MB             ; 00:00:04                           ;
; Timing Analyzer      ; 00:00:10     ; 2.0                     ; 5413 MB             ; 00:00:10                           ;
; EDA Netlist Writer   ; 00:00:18     ; 1.0                     ; 4774 MB             ; 00:00:02                           ;
; Total                ; 00:02:45     ; --                      ; --                  ; 00:02:02                           ;
+----------------------+--------------+-------------------------+---------------------+------------------------------------+


+------------------------------------------------------------------------------------+
; Flow OS Summary                                                                    ;
+----------------------+------------------+------------+------------+----------------+
; Module Name          ; Machine Hostname ; OS Name    ; OS Version ; Processor type ;
+----------------------+------------------+------------+------------+----------------+
; Analysis & Synthesis ; CEC-EGB267-01    ; Windows 10 ; 10.0       ; x86_64         ;
; Fitter               ; CEC-EGB267-01    ; Windows 10 ; 10.0       ; x86_64         ;
; Assembler            ; CEC-EGB267-01    ; Windows 10 ; 10.0       ; x86_64         ;
; Timing Analyzer      ; CEC-EGB267-01    ; Windows 10 ; 10.0       ; x86_64         ;
; EDA Netlist Writer   ; CEC-EGB267-01    ; Windows 10 ; 10.0       ; x86_64         ;
+----------------------+------------------+------------+------------+----------------+


------------
; Flow Log ;
------------
quartus_map --read_settings_files=on --write_settings_files=off black_jack -c black_jack
quartus_fit --read_settings_files=off --write_settings_files=off black_jack -c black_jack
quartus_asm --read_settings_files=off --write_settings_files=off black_jack -c black_jack
quartus_sta black_jack -c black_jack
quartus_eda --read_settings_files=off --write_settings_files=off black_jack -c black_jack



