Assembler report for black_jack
Wed Dec  3 20:53:50 2025
Quartus Prime Version 23.1std.1 Build 993 05/14/2024 SC Lite Edition


---------------------
; Table of Contents ;
---------------------
  1. Legal Notice
  2. Assembler Summary
  3. Assembler Settings
  4. Assembler Encrypted IP Cores Summary
  5. Assembler Generated Files
  6. Assembler Device Options: D:/ECE_287/Final_Project/Black_Jack/output_files/black_jack.sof
  7. Assembler Messages



----------------
; Legal Notice ;
----------------
Copyright (C) 2024  Intel Corporation. All rights reserved.
Your use of Intel Corporation's design tools, logic functions 
and other software and tools, and any partner logic 
functions, and any output files from any of the foregoing 
(including device programming or simulation files), and any 
associated documentation or information are expressly subject 
to the terms and conditions of the Intel Program License 
Subscription Agreement, the Intel Quartus Prime License Agreement,
the Intel FPGA IP License Agreement, or other applicable license
agreement, including, without limitation, that your use is for
the sole purpose of programming logic devices manufactured by
Intel and sold by Intel or its authorized distributors.  Please
refer to the applicable agreement for further details, at
https://fpgasoftware.intel.com/eula.



+---------------------------------------------------------------+
; Assembler Summary                                             ;
+-----------------------+---------------------------------------+
; Assembler Status      ; Successful - Wed Dec  3 20:53:50 2025 ;
; Revision Name         ; black_jack                            ;
; Top-level Entity Name ; black_jack                            ;
; Family                ; Cyclone V                             ;
; Device                ; 5CSEMA5F31C6                          ;
+-----------------------+---------------------------------------+


+----------------------------------+
; Assembler Settings               ;
+--------+---------+---------------+
; Option ; Setting ; Default Value ;
+--------+---------+---------------+


+------------------------------------------------+
; Assembler Encrypted IP Cores Summary           ;
+--------+------------------------+--------------+
; Vendor ; IP Core Name           ; License Type ;
+--------+------------------------+--------------+
; Altera ; Signal Tap (6AF7 BCE1) ; Licensed     ;
; Altera ; Signal Tap (6AF7 BCEC) ; Licensed     ;
+--------+------------------------+--------------+


+-----------------------------------------------------------------+
; Assembler Generated Files                                       ;
+-----------------------------------------------------------------+
; File Name                                                       ;
+-----------------------------------------------------------------+
; D:/ECE_287/Final_Project/Black_Jack/output_files/black_jack.sof ;
+-----------------------------------------------------------------+


+-------------------------------------------------------------------------------------------+
; Assembler Device Options: D:/ECE_287/Final_Project/Black_Jack/output_files/black_jack.sof ;
+----------------+--------------------------------------------------------------------------+
; Option         ; Setting                                                                  ;
+----------------+--------------------------------------------------------------------------+
; JTAG usercode  ; 0x053BB983                                                               ;
; Checksum       ; 0x053BB983                                                               ;
+----------------+--------------------------------------------------------------------------+


+--------------------+
; Assembler Messages ;
+--------------------+
Info: *******************************************************************
Info: Running Quartus Prime Assembler
    Info: Version 23.1std.1 Build 993 05/14/2024 SC Lite Edition
    Info: Processing started: Wed Dec  3 20:53:44 2025
Info: Command: quartus_asm --read_settings_files=off --write_settings_files=off black_jack -c black_jack
Info (115030): Assembler is generating device programming files
Info: Quartus Prime Assembler was successful. 0 errors, 0 warnings
    Info: Peak virtual memory: 4891 megabytes
    Info: Processing ended: Wed Dec  3 20:53:50 2025
    Info: Elapsed time: 00:00:06
    Info: Total CPU time (on all processors): 00:00:04


