------------------------------------------------------------
Timing Analyzer Summary
------------------------------------------------------------

Type  : Slow 1100mV 85C Model Setup 'S[0]'
Slack : -5.624
TNS   : -98.298

Type  : Slow 1100mV 85C Model Setup 'CLOCK_50'
Slack : -4.166
TNS   : -230.792

Type  : Slow 1100mV 85C Model Hold 'CLOCK_50'
Slack : -2.971
TNS   : -5.684

Type  : Slow 1100mV 85C Model Hold 'S[0]'
Slack : 0.451
TNS   : 0.000

Type  : Slow 1100mV 85C Model Minimum Pulse Width 'CLOCK_50'
Slack : -2.225
TNS   : -105.293

Type  : Slow 1100mV 85C Model Minimum Pulse Width 'S[0]'
Slack : 0.202
TNS   : 0.000

Type  : Slow 1100mV 0C Model Setup 'S[0]'
Slack : -5.666
TNS   : -99.411

Type  : Slow 1100mV 0C Model Setup 'CLOCK_50'
Slack : -4.300
TNS   : -224.548

Type  : Slow 1100mV 0C Model Hold 'CLOCK_50'
Slack : -3.048
TNS   : -5.857

Type  : Slow 1100mV 0C Model Hold 'S[0]'
Slack : 0.462
TNS   : 0.000

Type  : Slow 1100mV 0C Model Minimum Pulse Width 'CLOCK_50'
Slack : -2.225
TNS   : -109.401

Type  : Slow 1100mV 0C Model Minimum Pulse Width 'S[0]'
Slack : 0.204
TNS   : 0.000

Type  : Fast 1100mV 85C Model Setup 'S[0]'
Slack : -2.983
TNS   : -49.761

Type  : Fast 1100mV 85C Model Setup 'CLOCK_50'
Slack : -2.900
TNS   : -115.226

Type  : Fast 1100mV 85C Model Hold 'CLOCK_50'
Slack : -1.661
TNS   : -3.186

Type  : Fast 1100mV 85C Model Hold 'S[0]'
Slack : 0.147
TNS   : 0.000

Type  : Fast 1100mV 85C Model Minimum Pulse Width 'CLOCK_50'
Slack : -2.174
TNS   : -62.543

Type  : Fast 1100mV 85C Model Minimum Pulse Width 'S[0]'
Slack : 0.263
TNS   : 0.000

Type  : Fast 1100mV 0C Model Setup 'S[0]'
Slack : -2.828
TNS   : -47.277

Type  : Fast 1100mV 0C Model Setup 'CLOCK_50'
Slack : -2.255
TNS   : -94.631

Type  : Fast 1100mV 0C Model Hold 'CLOCK_50'
Slack : -1.661
TNS   : -3.204

Type  : Fast 1100mV 0C Model Hold 'S[0]'
Slack : 0.188
TNS   : 0.000

Type  : Fast 1100mV 0C Model Minimum Pulse Width 'CLOCK_50'
Slack : -2.174
TNS   : -62.499

Type  : Fast 1100mV 0C Model Minimum Pulse Width 'S[0]'
Slack : 0.308
TNS   : 0.000

------------------------------------------------------------
