Analysis & Synthesis report for FinalProjectLogic
Thu Dec 11 13:33:14 2025
Quartus Prime Version 23.1std.1 Build 993 05/14/2024 SC Lite Edition


---------------------
; Table of Contents ;
---------------------
  1. Legal Notice
  2. Analysis & Synthesis Summary
  3. Analysis & Synthesis Settings
  4. Parallel Compilation
  5. Analysis & Synthesis Messages



----------------
; Legal Notice ;
----------------
Copyright (C) 2024  Intel Corporation. All rights reserved.
Your use of Intel Corporation's design tools, logic functions 
and other software and tools, and any partner logic 
functions, and any output files from any of the foregoing 
(including device programming or simulation files), and any 
associated documentation or information are expressly subject 
to the terms and conditions of the Intel Program License 
Subscription Agreement, the Intel Quartus Prime License Agreement,
the Intel FPGA IP License Agreement, or other applicable license
agreement, including, without limitation, that your use is for
the sole purpose of programming logic devices manufactured by
Intel and sold by Intel or its authorized distributors.  Please
refer to the applicable agreement for further details, at
https://fpgasoftware.intel.com/eula.



+------------------------------------------------------------------------------+
; Analysis & Synthesis Summary                                                 ;
+-----------------------------+------------------------------------------------+
; Analysis & Synthesis Status ; Failed - Thu Dec 11 13:33:14 2025              ;
; Quartus Prime Version       ; 23.1std.1 Build 993 05/14/2024 SC Lite Edition ;
; Revision Name               ; FinalProjectLogic                              ;
; Top-level Entity Name       ; FinalProjectLogic                              ;
; Family                      ; Cyclone V                                      ;
; Logic utilization (in ALMs) ; N/A until Partition Merge                      ;
; Total registers             ; N/A until Partition Merge                      ;
; Total pins                  ; N/A until Partition Merge                      ;
; Total virtual pins          ; N/A until Partition Merge                      ;
; Total block memory bits     ; N/A until Partition Merge                      ;
; Total PLLs                  ; N/A until Partition Merge                      ;
; Total DLLs                  ; N/A until Partition Merge                      ;
+-----------------------------+------------------------------------------------+


+---------------------------------------------------------------------------------------------------------------------------+
; Analysis & Synthesis Settings                                                                                             ;
+---------------------------------------------------------------------------------+--------------------+--------------------+
; Option                                                                          ; Setting            ; Default Value      ;
+---------------------------------------------------------------------------------+--------------------+--------------------+
; Device                                                                          ; 5CSEMA5F31C6       ;                    ;
; Top-level entity name                                                           ; FinalProjectLogic  ; FinalProjectLogic  ;
; Family name                                                                     ; Cyclone V          ; Cyclone V          ;
; Use smart compilation                                                           ; Off                ; Off                ;
; Enable parallel Assembler and Timing Analyzer during compilation                ; On                 ; On                 ;
; Enable compact report table                                                     ; Off                ; Off                ;
; Restructure Multiplexers                                                        ; Auto               ; Auto               ;
; MLAB Add Timing Constraints For Mixed-Port Feed-Through Mode Setting Don't Care ; Off                ; Off                ;
; Create Debugging Nodes for IP Cores                                             ; Off                ; Off                ;
; Preserve fewer node names                                                       ; On                 ; On                 ;
; Intel FPGA IP Evaluation Mode                                                   ; Enable             ; Enable             ;
; Verilog Version                                                                 ; Verilog_2001       ; Verilog_2001       ;
; VHDL Version                                                                    ; VHDL_1993          ; VHDL_1993          ;
; State Machine Processing                                                        ; Auto               ; Auto               ;
; Safe State Machine                                                              ; Off                ; Off                ;
; Extract Verilog State Machines                                                  ; On                 ; On                 ;
; Extract VHDL State Machines                                                     ; On                 ; On                 ;
; Ignore Verilog initial constructs                                               ; Off                ; Off                ;
; Iteration limit for constant Verilog loops                                      ; 5000               ; 5000               ;
; Iteration limit for non-constant Verilog loops                                  ; 250                ; 250                ;
; Add Pass-Through Logic to Inferred RAMs                                         ; On                 ; On                 ;
; Infer RAMs from Raw Logic                                                       ; On                 ; On                 ;
; Parallel Synthesis                                                              ; On                 ; On                 ;
; DSP Block Balancing                                                             ; Auto               ; Auto               ;
; NOT Gate Push-Back                                                              ; On                 ; On                 ;
; Power-Up Don't Care                                                             ; On                 ; On                 ;
; Remove Redundant Logic Cells                                                    ; Off                ; Off                ;
; Remove Duplicate Registers                                                      ; On                 ; On                 ;
; Ignore CARRY Buffers                                                            ; Off                ; Off                ;
; Ignore CASCADE Buffers                                                          ; Off                ; Off                ;
; Ignore GLOBAL Buffers                                                           ; Off                ; Off                ;
; Ignore ROW GLOBAL Buffers                                                       ; Off                ; Off                ;
; Ignore LCELL Buffers                                                            ; Off                ; Off                ;
; Ignore SOFT Buffers                                                             ; On                 ; On                 ;
; Limit AHDL Integers to 32 Bits                                                  ; Off                ; Off                ;
; Optimization Technique                                                          ; Balanced           ; Balanced           ;
; Carry Chain Length                                                              ; 70                 ; 70                 ;
; Auto Carry Chains                                                               ; On                 ; On                 ;
; Auto Open-Drain Pins                                                            ; On                 ; On                 ;
; Perform WYSIWYG Primitive Resynthesis                                           ; Off                ; Off                ;
; Auto ROM Replacement                                                            ; On                 ; On                 ;
; Auto RAM Replacement                                                            ; On                 ; On                 ;
; Auto DSP Block Replacement                                                      ; On                 ; On                 ;
; Auto Shift Register Replacement                                                 ; Auto               ; Auto               ;
; Allow Shift Register Merging across Hierarchies                                 ; Auto               ; Auto               ;
; Auto Clock Enable Replacement                                                   ; On                 ; On                 ;
; Strict RAM Replacement                                                          ; Off                ; Off                ;
; Allow Synchronous Control Signals                                               ; On                 ; On                 ;
; Force Use of Synchronous Clear Signals                                          ; Off                ; Off                ;
; Auto Resource Sharing                                                           ; Off                ; Off                ;
; Allow Any RAM Size For Recognition                                              ; Off                ; Off                ;
; Allow Any ROM Size For Recognition                                              ; Off                ; Off                ;
; Allow Any Shift Register Size For Recognition                                   ; Off                ; Off                ;
; Use LogicLock Constraints during Resource Balancing                             ; On                 ; On                 ;
; Ignore translate_off and synthesis_off directives                               ; Off                ; Off                ;
; Timing-Driven Synthesis                                                         ; On                 ; On                 ;
; Report Parameter Settings                                                       ; On                 ; On                 ;
; Report Source Assignments                                                       ; On                 ; On                 ;
; Report Connectivity Checks                                                      ; On                 ; On                 ;
; Ignore Maximum Fan-Out Assignments                                              ; Off                ; Off                ;
; Synchronization Register Chain Length                                           ; 3                  ; 3                  ;
; Power Optimization During Synthesis                                             ; Normal compilation ; Normal compilation ;
; HDL message level                                                               ; Level2             ; Level2             ;
; Suppress Register Optimization Related Messages                                 ; Off                ; Off                ;
; Number of Removed Registers Reported in Synthesis Report                        ; 5000               ; 5000               ;
; Number of Swept Nodes Reported in Synthesis Report                              ; 5000               ; 5000               ;
; Number of Inverted Registers Reported in Synthesis Report                       ; 100                ; 100                ;
; Clock MUX Protection                                                            ; On                 ; On                 ;
; Auto Gated Clock Conversion                                                     ; Off                ; Off                ;
; Block Design Naming                                                             ; Auto               ; Auto               ;
; SDC constraint protection                                                       ; Off                ; Off                ;
; Synthesis Effort                                                                ; Auto               ; Auto               ;
; Shift Register Replacement - Allow Asynchronous Clear Signal                    ; On                 ; On                 ;
; Pre-Mapping Resynthesis Optimization                                            ; Off                ; Off                ;
; Analysis & Synthesis Message Level                                              ; Medium             ; Medium             ;
; Disable Register Merging Across Hierarchies                                     ; Auto               ; Auto               ;
; Resource Aware Inference For Block RAM                                          ; On                 ; On                 ;
; Automatic Parallel Synthesis                                                    ; On                 ; On                 ;
; Partial Reconfiguration Bitstream ID                                            ; Off                ; Off                ;
+---------------------------------------------------------------------------------+--------------------+--------------------+


+------------------------------------------+
; Parallel Compilation                     ;
+----------------------------+-------------+
; Processors                 ; Number      ;
+----------------------------+-------------+
; Number detected on machine ; 28          ;
; Maximum allowed            ; 16          ;
;                            ;             ;
; Average used               ; 1.00        ;
; Maximum used               ; 1           ;
;                            ;             ;
; Usage by Processor         ; % Time Used ;
;     Processor 1            ; 100.0%      ;
+----------------------------+-------------+


+-------------------------------+
; Analysis & Synthesis Messages ;
+-------------------------------+
Info: *******************************************************************
Info: Running Quartus Prime Analysis & Synthesis
    Info: Version 23.1std.1 Build 993 05/14/2024 SC Lite Edition
    Info: Processing started: Thu Dec 11 13:33:09 2025
Info: Command: quartus_map --read_settings_files=on --write_settings_files=off FinalProjectLogic -c FinalProjectLogic
Warning (18236): Number of processors has not been specified which may cause overloading on shared machines.  Set the global assignment NUM_PARALLEL_PROCESSORS in your QSF to an appropriate value for best performance.
Info (20030): Parallel compilation is enabled and will use 16 of the 20 processors detected
Error (10149): Verilog HDL Declaration error at Black_Jack_Main_FSM.v(170): identifier "IS_BUST" is already declared in the present scope File: D:/ECE_287/Final_Project/Final_Project_Logic/Black_Jack_Main_FSM.v Line: 170
Error (10149): Verilog HDL Declaration error at Black_Jack_Main_FSM.v(171): identifier "IS_ACE" is already declared in the present scope File: D:/ECE_287/Final_Project/Final_Project_Logic/Black_Jack_Main_FSM.v Line: 171
Error (10149): Verilog HDL Declaration error at Black_Jack_Main_FSM.v(172): identifier "WAIT_ACE_CHOICE" is already declared in the present scope File: D:/ECE_287/Final_Project/Final_Project_Logic/Black_Jack_Main_FSM.v Line: 172
Error (10170): Verilog HDL syntax error at Black_Jack_Main_FSM.v(178) near text: "@";  expecting ".", or "(". Check for and fix any syntax errors that appear immediately before or at the specified keyword. The Intel FPGA Knowledge Database contains many articles with specific details on how to resolve this error. Visit the Knowledge Database at https://www.altera.com/support/support-resources/knowledge-base/search.html and search for this specific error message number. File: D:/ECE_287/Final_Project/Final_Project_Logic/Black_Jack_Main_FSM.v Line: 178
Error (10149): Verilog HDL Declaration error at Black_Jack_Main_FSM.v(186): identifier "WAIT_START" is already declared in the present scope File: D:/ECE_287/Final_Project/Final_Project_Logic/Black_Jack_Main_FSM.v Line: 186
Error (10170): Verilog HDL syntax error at Black_Jack_Main_FSM.v(187) near text: ":";  expecting "<=", or "=". Check for and fix any syntax errors that appear immediately before or at the specified keyword. The Intel FPGA Knowledge Database contains many articles with specific details on how to resolve this error. Visit the Knowledge Database at https://www.altera.com/support/support-resources/knowledge-base/search.html and search for this specific error message number. File: D:/ECE_287/Final_Project/Final_Project_Logic/Black_Jack_Main_FSM.v Line: 187
Error (10149): Verilog HDL Declaration error at Black_Jack_Main_FSM.v(189): identifier "RANDOMIZE" is already declared in the present scope File: D:/ECE_287/Final_Project/Final_Project_Logic/Black_Jack_Main_FSM.v Line: 189
Error (10170): Verilog HDL syntax error at Black_Jack_Main_FSM.v(190) near text: ":";  expecting "<=", or "=". Check for and fix any syntax errors that appear immediately before or at the specified keyword. The Intel FPGA Knowledge Database contains many articles with specific details on how to resolve this error. Visit the Knowledge Database at https://www.altera.com/support/support-resources/knowledge-base/search.html and search for this specific error message number. File: D:/ECE_287/Final_Project/Final_Project_Logic/Black_Jack_Main_FSM.v Line: 190
Error (10149): Verilog HDL Declaration error at Black_Jack_Main_FSM.v(192): identifier "SEARCH_CARD" is already declared in the present scope File: D:/ECE_287/Final_Project/Final_Project_Logic/Black_Jack_Main_FSM.v Line: 192
Error (10170): Verilog HDL syntax error at Black_Jack_Main_FSM.v(193) near text: ":";  expecting "<=", or "=". Check for and fix any syntax errors that appear immediately before or at the specified keyword. The Intel FPGA Knowledge Database contains many articles with specific details on how to resolve this error. Visit the Knowledge Database at https://www.altera.com/support/support-resources/knowledge-base/search.html and search for this specific error message number. File: D:/ECE_287/Final_Project/Final_Project_Logic/Black_Jack_Main_FSM.v Line: 193
Error (10149): Verilog HDL Declaration error at Black_Jack_Main_FSM.v(195): identifier "DEAL_STEP" is already declared in the present scope File: D:/ECE_287/Final_Project/Final_Project_Logic/Black_Jack_Main_FSM.v Line: 195
Error (10170): Verilog HDL syntax error at Black_Jack_Main_FSM.v(196) near text: ":";  expecting "<=", or "=". Check for and fix any syntax errors that appear immediately before or at the specified keyword. The Intel FPGA Knowledge Database contains many articles with specific details on how to resolve this error. Visit the Knowledge Database at https://www.altera.com/support/support-resources/knowledge-base/search.html and search for this specific error message number. File: D:/ECE_287/Final_Project/Final_Project_Logic/Black_Jack_Main_FSM.v Line: 196
Error (10149): Verilog HDL Declaration error at Black_Jack_Main_FSM.v(198): identifier "IS_ACE" is already declared in the present scope File: D:/ECE_287/Final_Project/Final_Project_Logic/Black_Jack_Main_FSM.v Line: 198
Error (10170): Verilog HDL syntax error at Black_Jack_Main_FSM.v(199) near text: ":";  expecting "<=", or "=". Check for and fix any syntax errors that appear immediately before or at the specified keyword. The Intel FPGA Knowledge Database contains many articles with specific details on how to resolve this error. Visit the Knowledge Database at https://www.altera.com/support/support-resources/knowledge-base/search.html and search for this specific error message number. File: D:/ECE_287/Final_Project/Final_Project_Logic/Black_Jack_Main_FSM.v Line: 199
Error (10149): Verilog HDL Declaration error at Black_Jack_Main_FSM.v(201): identifier "DISPLAY_CARD" is already declared in the present scope File: D:/ECE_287/Final_Project/Final_Project_Logic/Black_Jack_Main_FSM.v Line: 201
Error (10170): Verilog HDL syntax error at Black_Jack_Main_FSM.v(202) near text: ":";  expecting "<=", or "=". Check for and fix any syntax errors that appear immediately before or at the specified keyword. The Intel FPGA Knowledge Database contains many articles with specific details on how to resolve this error. Visit the Knowledge Database at https://www.altera.com/support/support-resources/knowledge-base/search.html and search for this specific error message number. File: D:/ECE_287/Final_Project/Final_Project_Logic/Black_Jack_Main_FSM.v Line: 202
Error (10149): Verilog HDL Declaration error at Black_Jack_Main_FSM.v(204): identifier "WAIT_DHIT" is already declared in the present scope File: D:/ECE_287/Final_Project/Final_Project_Logic/Black_Jack_Main_FSM.v Line: 204
Error (10170): Verilog HDL syntax error at Black_Jack_Main_FSM.v(205) near text: ":";  expecting "<=", or "=". Check for and fix any syntax errors that appear immediately before or at the specified keyword. The Intel FPGA Knowledge Database contains many articles with specific details on how to resolve this error. Visit the Knowledge Database at https://www.altera.com/support/support-resources/knowledge-base/search.html and search for this specific error message number. File: D:/ECE_287/Final_Project/Final_Project_Logic/Black_Jack_Main_FSM.v Line: 205
Error (10149): Verilog HDL Declaration error at Black_Jack_Main_FSM.v(207): identifier "WAIT_ACE_CHOICE" is already declared in the present scope File: D:/ECE_287/Final_Project/Final_Project_Logic/Black_Jack_Main_FSM.v Line: 207
Info (12021): Found 0 design units, including 0 entities, in source file black_jack_main_fsm.v
Error: Quartus Prime Analysis & Synthesis was unsuccessful. 19 errors, 1 warning
    Error: Peak virtual memory: 4780 megabytes
    Error: Processing ended: Thu Dec 11 13:33:14 2025
    Error: Elapsed time: 00:00:05
    Error: Total CPU time (on all processors): 00:00:03


